python : 2025-11-10 20:57:44,574 [INFO] httpx: HTTP Request: GET http://localhost:11434/api/tags "HTTP/1.1 200 OK"
At line:1 char:1
+ python TEST_BLOG_GENERATION_FIXED.py > test_output.txt 2>&1 ; $lines  ...
+ ~~~~~~~~~~~~~~~~~~~~~~~~~~~~~~~~~~~~~~~~~~~~~~~~~~~~~~~~~~~
    + CategoryInfo          : NotSpecified: (2025-11-10 20:5...TTP/1.1 200 OK":String) [], RemoteException
    + FullyQualifiedErrorId : NativeCommandError
 
2025-11-10 20:57:44,574 [INFO] cofounder_agent.services.ai_content_generator: \u2713 Ollama available at http://localhost:11434
2025-11-10 20:57:44,574 [INFO] cofounder_agent.services.ai_content_generator: 
================================================================================
2025-11-10 20:57:44,574 [INFO] cofounder_agent.services.ai_content_generator: \U0001f3ac BLOG GENERATION STARTED
2025-11-10 20:57:44,574 [INFO] cofounder_agent.services.ai_content_generator: ================================================================================
2025-11-10 20:57:44,574 [INFO] cofounder_agent.services.ai_content_generator: \U0001f4cc Topic: How to Use AI for Content Generation
2025-11-10 20:57:44,574 [INFO] cofounder_agent.services.ai_content_generator: \U0001f4cc Style: technical | Tone: professional
2025-11-10 20:57:44,574 [INFO] cofounder_agent.services.ai_content_generator: \U0001f4cc Target length: 1500 words | Tags: ['AI', 'content', 'generation', 'automation']
2025-11-10 20:57:44,574 [INFO] cofounder_agent.services.ai_content_generator: \U0001f4cc Quality threshold: 7.0
2025-11-10 20:57:44,574 [INFO] cofounder_agent.services.ai_content_generator: ================================================================================

2025-11-10 20:57:44,574 [INFO] cofounder_agent.services.ai_content_generator: \U0001f504 [ATTEMPT 1/3] Trying Ollama (Local, GPU-accelerated)...
2025-11-10 20:57:44,574 [INFO] cofounder_agent.services.ai_content_generator:    \u251c\u2500 Endpoint: http://localhost:11434
2025-11-10 20:57:44,574 [INFO] cofounder_agent.services.ai_content_generator:    \u251c\u2500 Model preference order: [neural-chat, mistral, llama2]
2025-11-10 20:57:44,574 [INFO] cofounder_agent.services.ai_content_generator:    \u2514\u2500 Status: Checking connection...


================================================================================
[TEST] BLOG GENERATION WITH FIXED OLLAMA RESPONSE EXTRACTION
================================================================================

[INFO] Generating blog post...
   Topic: How to Use AI for Content Generation
   Style: technical
   Tone: professional
   Target length: 1500 words
   Quality threshold: 7.0/10

2025-11-10 20:57:44 [info     ] Ollama client initialized      base_url=http://localhost:11434 model=llama2
2025-11-10 20:57:44,763 [INFO] cofounder_agent.services.ai_content_generator:    \u2713 OllamaClient initialized
2025-11-10 20:57:44,763 [INFO] cofounder_agent.services.ai_content_generator:    \u2514\u2500 Testing model 1/3: neural-chat:latest
2025-11-10 20:57:44,763 [INFO] cofounder_agent.services.ai_content_generator:       \u23f1\ufe0f  Generating content (timeout: 120s)...
2025-11-10 20:58:01,152 [INFO] httpx: HTTP Request: POST http://localhost:11434/api/generate "HTTP/1.1 200 OK"
2025-11-10 20:58:01 [info     ] Ollama generation complete     cost=0.0 duration=16.2108257 model=neural-chat:latest tokens=1533
2025-11-10 20:58:01,153 [INFO] cofounder_agent.services.ai_content_generator:       \U0001f4e6 Raw response type: <class 'dict'>
2025-11-10 20:58:01,153 [INFO] cofounder_agent.services.ai_content_generator:       \U0001f4e6 Response is dict with keys: ['text', 'model', 'tokens', 'prompt_tokens', 'total_tokens', 'duration_seconds', 'cost', 'done']
2025-11-10 20:58:01,153 [INFO] cofounder_agent.services.ai_content_generator:       \U0001f4e6 Extracted from 'response' key: 0 chars
2025-11-10 20:58:01,153 [INFO] cofounder_agent.services.ai_content_generator:       \U0001f50d Final check: bool(content)=False, len=0, threshold=100
2025-11-10 20:58:01,153 [WARNING] cofounder_agent.services.ai_content_generator:       \u274c Generated content too short or empty
2025-11-10 20:58:01,153 [INFO] cofounder_agent.services.ai_content_generator:    \u2514\u2500 Testing model 2/3: llama2:latest
2025-11-10 20:58:01,153 [INFO] cofounder_agent.services.ai_content_generator:       \u23f1\ufe0f  Generating content (timeout: 120s)...
2025-11-10 20:58:16,846 [INFO] httpx: HTTP Request: POST http://localhost:11434/api/generate "HTTP/1.1 200 OK"
2025-11-10 20:58:16 [info     ] Ollama generation complete     cost=0.0 duration=15.5158587 model=llama2:latest tokens=1431
2025-11-10 20:58:16,847 [INFO] cofounder_agent.services.ai_content_generator:       \U0001f4e6 Raw response type: <class 'dict'>
2025-11-10 20:58:16,847 [INFO] cofounder_agent.services.ai_content_generator:       \U0001f4e6 Response is dict with keys: ['text', 'model', 'tokens', 'prompt_tokens', 'total_tokens', 'duration_seconds', 'cost', 'done']
2025-11-10 20:58:16,847 [INFO] cofounder_agent.services.ai_content_generator:       \U0001f4e6 Extracted from 'response' key: 0 chars
2025-11-10 20:58:16,847 [INFO] cofounder_agent.services.ai_content_generator:       \U0001f50d Final check: bool(content)=False, len=0, threshold=100
2025-11-10 20:58:16,847 [WARNING] cofounder_agent.services.ai_content_generator:       \u274c Generated content too short or empty
2025-11-10 20:58:16,847 [INFO] cofounder_agent.services.ai_content_generator:    \u2514\u2500 Testing model 3/3: qwen2:7b
2025-11-10 20:58:16,847 [INFO] cofounder_agent.services.ai_content_generator:       \u23f1\ufe0f  Generating content (timeout: 120s)...
2025-11-10 20:58:30,092 [INFO] httpx: HTTP Request: POST http://localhost:11434/api/generate "HTTP/1.1 200 OK"
2025-11-10 20:58:30 [info     ] Ollama generation complete     cost=0.0 duration=13.064936 model=qwen2:7b tokens=1090
2025-11-10 20:58:30,093 [INFO] cofounder_agent.services.ai_content_generator:       \U0001f4e6 Raw response type: <class 'dict'>
2025-11-10 20:58:30,093 [INFO] cofounder_agent.services.ai_content_generator:       \U0001f4e6 Response is dict with keys: ['text', 'model', 'tokens', 'prompt_tokens', 'total_tokens', 'duration_seconds', 'cost', 'done']
2025-11-10 20:58:30,093 [INFO] cofounder_agent.services.ai_content_generator:       \U0001f4e6 Extracted from 'response' key: 0 chars
2025-11-10 20:58:30,093 [INFO] cofounder_agent.services.ai_content_generator:       \U0001f50d Final check: bool(content)=False, len=0, threshold=100
2025-11-10 20:58:30,093 [WARNING] cofounder_agent.services.ai_content_generator:       \u274c Generated content too short or empty
2025-11-10 20:58:30,093 [ERROR] cofounder_agent.services.ai_content_generator: All AI models failed. Attempts: []

[SUCCESS] GENERATION SUCCESSFUL!

   Model used: Fallback (no AI models available)
   Quality score: 0.0/10
   Content length: 2051 characters
   Word count: 300 words
   Generation time: 165.4s
   Generation attempts: 3
   Refinement attempts: 0

[INFO] CONTENT PREVIEW (first 500 chars):
--------------------------------------------------------------------------------
# How to Use AI for Content Generation

## Introduction

How to Use AI for Content Generation is an important area that deserves careful attention and exploration. This article provides insights and practical considerations for understanding this topic better.

## Key Aspects

### Understanding the Basics

When exploring How to Use AI for Content Generation, it's essential to understand the foundational concepts. The technical approach ensures clarity and depth, delivered in a professional manne
--------------------------------------------------------------------------------

================================================================================
[SUCCESS] TEST COMPLETE - GENERATION WORKING!
================================================================================

